Archive member included because of file (symbol)

c:/winavr-20100110/bin/../lib/gcc/avr/4.3.3/avr5\libgcc.a(_exit.o)
                              c:/winavr-20100110/bin/../lib/gcc/avr/4.3.3/../../../../avr/lib/avr5/crtm32.o (exit)
c:/winavr-20100110/bin/../lib/gcc/avr/4.3.3/avr5\libgcc.a(_clear_bss.o)
                              ./MCAL/EXT_Interrupt_Driver/EXT_Interrupt.o (__do_clear_bss)

Memory Configuration

Name             Origin             Length             Attributes
text             0x00000000         0x00020000         xr
data             0x00800060         0x0000ffa0         rw !x
eeprom           0x00810000         0x00010000         rw !x
fuse             0x00820000         0x00000400         rw !x
lock             0x00830000         0x00000400         rw !x
signature        0x00840000         0x00000400         rw !x
*default*        0x00000000         0xffffffff

Linker script and memory map

LOAD c:/winavr-20100110/bin/../lib/gcc/avr/4.3.3/../../../../avr/lib/avr5/crtm32.o
LOAD ./MCAL/EXT_Interrupt_Driver/EXT_Interrupt.o
LOAD ./MCAL/DIO_Driver/DIO.o
LOAD ./HAL/Motor_Driver/dc_motor.o
LOAD ./APP/Main_app.o
LOAD c:/winavr-20100110/bin/../lib/gcc/avr/4.3.3/avr5\libgcc.a
LOAD c:/winavr-20100110/bin/../lib/gcc/avr/4.3.3/../../../../avr/lib/avr5\libc.a
LOAD c:/winavr-20100110/bin/../lib/gcc/avr/4.3.3/avr5\libgcc.a

.hash
 *(.hash)

.dynsym
 *(.dynsym)

.dynstr
 *(.dynstr)

.gnu.version
 *(.gnu.version)

.gnu.version_d
 *(.gnu.version_d)

.gnu.version_r
 *(.gnu.version_r)

.rel.init
 *(.rel.init)

.rela.init
 *(.rela.init)

.rel.text
 *(.rel.text)
 *(.rel.text.*)
 *(.rel.gnu.linkonce.t*)

.rela.text
 *(.rela.text)
 *(.rela.text.*)
 *(.rela.gnu.linkonce.t*)

.rel.fini
 *(.rel.fini)

.rela.fini
 *(.rela.fini)

.rel.rodata
 *(.rel.rodata)
 *(.rel.rodata.*)
 *(.rel.gnu.linkonce.r*)

.rela.rodata
 *(.rela.rodata)
 *(.rela.rodata.*)
 *(.rela.gnu.linkonce.r*)

.rel.data
 *(.rel.data)
 *(.rel.data.*)
 *(.rel.gnu.linkonce.d*)

.rela.data
 *(.rela.data)
 *(.rela.data.*)
 *(.rela.gnu.linkonce.d*)

.rel.ctors
 *(.rel.ctors)

.rela.ctors
 *(.rela.ctors)

.rel.dtors
 *(.rel.dtors)

.rela.dtors
 *(.rela.dtors)

.rel.got
 *(.rel.got)

.rela.got
 *(.rela.got)

.rel.bss
 *(.rel.bss)

.rela.bss
 *(.rela.bss)

.rel.plt
 *(.rel.plt)

.rela.plt
 *(.rela.plt)

.text           0x00000000      0xe12
 *(.vectors)
 .vectors       0x00000000       0x54 c:/winavr-20100110/bin/../lib/gcc/avr/4.3.3/../../../../avr/lib/avr5/crtm32.o
                0x00000000                __vectors
                0x00000000                __vector_default
 *(.vectors)
 *(.progmem.gcc*)
 *(.progmem*)
                0x00000054                . = ALIGN (0x2)
                0x00000054                __trampolines_start = .
 *(.trampolines)
 .trampolines   0x00000054        0x0 linker stubs
 *(.trampolines*)
                0x00000054                __trampolines_end = .
 *(.jumptables)
 *(.jumptables*)
 *(.lowtext)
 *(.lowtext*)
                0x00000054                __ctors_start = .
 *(.ctors)
                0x00000054                __ctors_end = .
                0x00000054                __dtors_start = .
 *(.dtors)
                0x00000054                __dtors_end = .
 SORT(*)(.ctors)
 SORT(*)(.dtors)
 *(.init0)
 .init0         0x00000054        0x0 c:/winavr-20100110/bin/../lib/gcc/avr/4.3.3/../../../../avr/lib/avr5/crtm32.o
                0x00000054                __init
 *(.init0)
 *(.init1)
 *(.init1)
 *(.init2)
 .init2         0x00000054        0xc c:/winavr-20100110/bin/../lib/gcc/avr/4.3.3/../../../../avr/lib/avr5/crtm32.o
 *(.init2)
 *(.init3)
 *(.init3)
 *(.init4)
 .init4         0x00000060       0x10 c:/winavr-20100110/bin/../lib/gcc/avr/4.3.3/avr5\libgcc.a(_clear_bss.o)
                0x00000060                __do_clear_bss
 *(.init4)
 *(.init5)
 *(.init5)
 *(.init6)
 *(.init6)
 *(.init7)
 *(.init7)
 *(.init8)
 *(.init8)
 *(.init9)
 .init9         0x00000070        0x8 c:/winavr-20100110/bin/../lib/gcc/avr/4.3.3/../../../../avr/lib/avr5/crtm32.o
 *(.init9)
 *(.text)
 .text          0x00000078        0x4 c:/winavr-20100110/bin/../lib/gcc/avr/4.3.3/../../../../avr/lib/avr5/crtm32.o
                0x00000078                __vector_12
                0x00000078                __bad_interrupt
                0x00000078                __vector_6
                0x00000078                __vector_11
                0x00000078                __vector_13
                0x00000078                __vector_17
                0x00000078                __vector_19
                0x00000078                __vector_7
                0x00000078                __vector_5
                0x00000078                __vector_4
                0x00000078                __vector_9
                0x00000078                __vector_15
                0x00000078                __vector_8
                0x00000078                __vector_14
                0x00000078                __vector_10
                0x00000078                __vector_16
                0x00000078                __vector_18
                0x00000078                __vector_20
 .text          0x0000007c        0x0 ./MCAL/EXT_Interrupt_Driver/EXT_Interrupt.o
 .text          0x0000007c        0x0 ./MCAL/DIO_Driver/DIO.o
 .text          0x0000007c        0x0 ./HAL/Motor_Driver/dc_motor.o
 .text          0x0000007c        0x0 ./APP/Main_app.o
 .text          0x0000007c        0x0 c:/winavr-20100110/bin/../lib/gcc/avr/4.3.3/avr5\libgcc.a(_exit.o)
 .text          0x0000007c        0x0 c:/winavr-20100110/bin/../lib/gcc/avr/4.3.3/avr5\libgcc.a(_clear_bss.o)
                0x0000007c                . = ALIGN (0x2)
 *(.text.*)
 .text.GIE_Enable
                0x0000007c       0x1c ./MCAL/EXT_Interrupt_Driver/EXT_Interrupt.o
                0x0000007c                GIE_Enable
 .text.GIE_Disable
                0x00000098       0x1c ./MCAL/EXT_Interrupt_Driver/EXT_Interrupt.o
                0x00000098                GIE_Disable
 .text.EXI_Init
                0x000000b4       0x26 ./MCAL/EXT_Interrupt_Driver/EXT_Interrupt.o
                0x000000b4                EXI_Init
 .text.EXI_Enable
                0x000000da       0x6e ./MCAL/EXT_Interrupt_Driver/EXT_Interrupt.o
                0x000000da                EXI_Enable
 .text.EXI_Disable
                0x00000148       0x6e ./MCAL/EXT_Interrupt_Driver/EXT_Interrupt.o
                0x00000148                EXI_Disable
 .text.EXI_TriggerEdge
                0x000001b6      0x210 ./MCAL/EXT_Interrupt_Driver/EXT_Interrupt.o
                0x000001b6                EXI_TriggerEdge
 .text.EXI_SetCallBack
                0x000003c6       0x72 ./MCAL/EXT_Interrupt_Driver/EXT_Interrupt.o
                0x000003c6                EXI_SetCallBack
 .text.__vector_1
                0x00000438       0x66 ./MCAL/EXT_Interrupt_Driver/EXT_Interrupt.o
                0x00000438                __vector_1
 .text.__vector_2
                0x0000049e       0x66 ./MCAL/EXT_Interrupt_Driver/EXT_Interrupt.o
                0x0000049e                __vector_2
 .text.__vector_3
                0x00000504       0x66 ./MCAL/EXT_Interrupt_Driver/EXT_Interrupt.o
                0x00000504                __vector_3
 .text.DIO_setupPinDirection
                0x0000056a      0x1d6 ./MCAL/DIO_Driver/DIO.o
                0x0000056a                DIO_setupPinDirection
 .text.DIO_writePin
                0x00000740      0x1d6 ./MCAL/DIO_Driver/DIO.o
                0x00000740                DIO_writePin
 .text.DIO_readPin
                0x00000916      0x136 ./MCAL/DIO_Driver/DIO.o
                0x00000916                DIO_readPin
 .text.DIO_setupPortDirection
                0x00000a4c       0x88 ./MCAL/DIO_Driver/DIO.o
                0x00000a4c                DIO_setupPortDirection
 .text.DIO_writePort
                0x00000ad4       0x88 ./MCAL/DIO_Driver/DIO.o
                0x00000ad4                DIO_writePort
 .text.DIO_readPort
                0x00000b5c       0x90 ./MCAL/DIO_Driver/DIO.o
                0x00000b5c                DIO_readPort
 .text.DcMotor_init
                0x00000bec       0x36 ./HAL/Motor_Driver/dc_motor.o
                0x00000bec                DcMotor_init
 .text.DcMotor_Rotate
                0x00000c22       0x66 ./HAL/Motor_Driver/dc_motor.o
                0x00000c22                DcMotor_Rotate
 .text.Func_INT0
                0x00000c88       0x42 ./APP/Main_app.o
                0x00000c88                Func_INT0
 .text.main     0x00000cca      0x144 ./APP/Main_app.o
                0x00000cca                main
 .text.libgcc   0x00000e0e        0x0 c:/winavr-20100110/bin/../lib/gcc/avr/4.3.3/avr5\libgcc.a(_exit.o)
 .text.libgcc   0x00000e0e        0x0 c:/winavr-20100110/bin/../lib/gcc/avr/4.3.3/avr5\libgcc.a(_clear_bss.o)
                0x00000e0e                . = ALIGN (0x2)
 *(.fini9)
 .fini9         0x00000e0e        0x0 c:/winavr-20100110/bin/../lib/gcc/avr/4.3.3/avr5\libgcc.a(_exit.o)
                0x00000e0e                exit
                0x00000e0e                _exit
 *(.fini9)
 *(.fini8)
 *(.fini8)
 *(.fini7)
 *(.fini7)
 *(.fini6)
 *(.fini6)
 *(.fini5)
 *(.fini5)
 *(.fini4)
 *(.fini4)
 *(.fini3)
 *(.fini3)
 *(.fini2)
 *(.fini2)
 *(.fini1)
 *(.fini1)
 *(.fini0)
 .fini0         0x00000e0e        0x4 c:/winavr-20100110/bin/../lib/gcc/avr/4.3.3/avr5\libgcc.a(_exit.o)
 *(.fini0)
                0x00000e12                _etext = .

.data           0x00800060        0x0 load address 0x00000e12
                0x00800060                PROVIDE (__data_start, .)
 *(.data)
 .data          0x00800060        0x0 c:/winavr-20100110/bin/../lib/gcc/avr/4.3.3/../../../../avr/lib/avr5/crtm32.o
 .data          0x00800060        0x0 ./MCAL/EXT_Interrupt_Driver/EXT_Interrupt.o
 .data          0x00800060        0x0 ./MCAL/DIO_Driver/DIO.o
 .data          0x00800060        0x0 ./HAL/Motor_Driver/dc_motor.o
 .data          0x00800060        0x0 ./APP/Main_app.o
 .data          0x00800060        0x0 c:/winavr-20100110/bin/../lib/gcc/avr/4.3.3/avr5\libgcc.a(_exit.o)
 .data          0x00800060        0x0 c:/winavr-20100110/bin/../lib/gcc/avr/4.3.3/avr5\libgcc.a(_clear_bss.o)
 *(.data*)
 *(.rodata)
 *(.rodata*)
 *(.gnu.linkonce.d*)
                0x00800060                . = ALIGN (0x2)
                0x00800060                _edata = .
                0x00800060                PROVIDE (__data_end, .)

.bss            0x00800060        0x8
                0x00800060                PROVIDE (__bss_start, .)
 *(.bss)
 .bss           0x00800060        0x0 c:/winavr-20100110/bin/../lib/gcc/avr/4.3.3/../../../../avr/lib/avr5/crtm32.o
 .bss           0x00800060        0x0 ./MCAL/EXT_Interrupt_Driver/EXT_Interrupt.o
 .bss           0x00800060        0x0 ./MCAL/DIO_Driver/DIO.o
 .bss           0x00800060        0x0 ./HAL/Motor_Driver/dc_motor.o
 .bss           0x00800060        0x0 ./APP/Main_app.o
 .bss           0x00800060        0x0 c:/winavr-20100110/bin/../lib/gcc/avr/4.3.3/avr5\libgcc.a(_exit.o)
 .bss           0x00800060        0x0 c:/winavr-20100110/bin/../lib/gcc/avr/4.3.3/avr5\libgcc.a(_clear_bss.o)
 *(.bss*)
 .bss.INT0_ptr  0x00800060        0x2 ./MCAL/EXT_Interrupt_Driver/EXT_Interrupt.o
 .bss.INT1_ptr  0x00800062        0x2 ./MCAL/EXT_Interrupt_Driver/EXT_Interrupt.o
 .bss.INT2_ptr  0x00800064        0x2 ./MCAL/EXT_Interrupt_Driver/EXT_Interrupt.o
 .bss.motorState
                0x00800066        0x1 ./APP/Main_app.o
                0x00800066                motorState
 .bss.buttonState.1258
                0x00800067        0x1 ./APP/Main_app.o
 *(COMMON)
                0x00800068                PROVIDE (__bss_end, .)
                0x00000e12                __data_load_start = LOADADDR (.data)
                0x00000e12                __data_load_end = (__data_load_start + SIZEOF (.data))

.noinit         0x00800068        0x0
                0x00800068                PROVIDE (__noinit_start, .)
 *(.noinit*)
                0x00800068                PROVIDE (__noinit_end, .)
                0x00800068                _end = .
                0x00800068                PROVIDE (__heap_start, .)

.eeprom         0x00810000        0x0
 *(.eeprom*)
                0x00810000                __eeprom_end = .

.fuse
 *(.fuse)
 *(.lfuse)
 *(.hfuse)
 *(.efuse)

.lock
 *(.lock*)

.signature
 *(.signature*)

.stab           0x00000000     0x1158
 *(.stab)
 .stab          0x00000000      0x5c4 ./MCAL/EXT_Interrupt_Driver/EXT_Interrupt.o
 .stab          0x000005c4      0x5f4 ./MCAL/DIO_Driver/DIO.o
                                0x690 (size before relaxing)
 .stab          0x00000bb8      0x24c ./HAL/Motor_Driver/dc_motor.o
                                0x2e8 (size before relaxing)
 .stab          0x00000e04      0x354 ./APP/Main_app.o
                                0x42c (size before relaxing)

.stabstr        0x00000000      0xa8a
 *(.stabstr)
 .stabstr       0x00000000      0xa8a ./MCAL/EXT_Interrupt_Driver/EXT_Interrupt.o

.stab.excl
 *(.stab.excl)

.stab.exclstr
 *(.stab.exclstr)

.stab.index
 *(.stab.index)

.stab.indexstr
 *(.stab.indexstr)

.comment
 *(.comment)

.debug
 *(.debug)

.line
 *(.line)

.debug_srcinfo
 *(.debug_srcinfo)

.debug_sfnames
 *(.debug_sfnames)

.debug_aranges
 *(.debug_aranges)

.debug_pubnames
 *(.debug_pubnames)

.debug_info
 *(.debug_info)
 *(.gnu.linkonce.wi.*)

.debug_abbrev
 *(.debug_abbrev)

.debug_line
 *(.debug_line)

.debug_frame
 *(.debug_frame)

.debug_str
 *(.debug_str)

.debug_loc
 *(.debug_loc)

.debug_macinfo
 *(.debug_macinfo)
OUTPUT(State_Motor_ws.elf elf32-avr)
LOAD linker stubs
